2026-01-29 23:58:42,022 | INFO | User:Guest | Endpoint: login | Method: GET | Status: 200 | Duration: 0.0071s
2026-01-29 23:58:42,031 | INFO | User:Guest | Endpoint: index | Method: GET | Status: 302 | Duration: 0.0010s
2026-01-29 23:58:42,038 | INFO | User:Guest | Endpoint: login | Method: GET | Status: 200 | Duration: 0.0000s
2026-01-30 02:09:43,959 | INFO | User:102 | Endpoint: recruiter_scheduling | Method: GET | Status: 302 | Duration: 6.8675s
2026-01-30 02:09:47,221 | INFO | User:102 | Endpoint: login | Method: GET | Status: 200 | Duration: 3.2524s
2026-01-30 02:09:50,797 | INFO | User:102 | Endpoint: login | Method: GET | Status: 200 | Duration: 2.2974s
2026-01-30 02:10:08,532 | INFO | User:6 | Endpoint: login | Method: POST | Status: 302 | Duration: 2.7493s
2026-01-30 02:10:11,932 | INFO | User:6 | Endpoint: dashboard | Method: GET | Status: 302 | Duration: 2.3064s
2026-01-30 02:10:15,730 | INFO | User:6 | Endpoint: talent_conduct_test | Method: GET | Status: 200 | Duration: 2.3289s
2026-01-30 02:12:45,919 | INFO | User:6 | Endpoint: index | Method: GET | Status: 302 | Duration: 3.3121s
2026-01-30 02:12:47,933 | INFO | User:6 | Endpoint: dashboard | Method: GET | Status: 302 | Duration: 1.2242s
2026-01-30 02:12:49,979 | INFO | User:6 | Endpoint: login | Method: GET | Status: 200 | Duration: 1.0953s
2026-01-30 02:12:50,107 | INFO | User:6 | Endpoint: talent_conduct_test | Method: GET | Status: 200 | Duration: 1.6916s
2026-01-30 02:12:55,654 | INFO | User:11 | Endpoint: login | Method: POST | Status: 302 | Duration: 1.4789s
2026-01-30 02:12:58,461 | INFO | User:11 | Endpoint: dashboard | Method: GET | Status: 302 | Duration: 2.2068s
2026-01-30 02:13:04,929 | INFO | User:11 | Endpoint: talent_conduct_test | Method: GET | Status: 200 | Duration: 5.8378s
2026-01-30 02:13:09,425 | INFO | User:11 | Endpoint: global_search | Method: GET | Status: 200 | Duration: 0.4051s
2026-01-30 02:13:12,575 | INFO | User:11 | Endpoint: talent_conduct_test | Method: GET | Status: 200 | Duration: 2.1884s
2026-01-30 02:13:14,273 | INFO | User:11 | Endpoint: global_search | Method: GET | Status: 200 | Duration: 2.2719s
2026-01-30 02:13:15,153 | INFO | User:11 | Endpoint: talent_conduct_test | Method: GET | Status: 200 | Duration: 1.5571s
2026-01-30 02:13:29,359 | INFO | User:11 | Endpoint: global_search | Method: GET | Status: 200 | Duration: 1.1644s
2026-01-30 02:13:41,593 | INFO | User:11 | Endpoint: login | Method: GET | Status: 200 | Duration: 0.6639s
2026-01-30 02:13:46,962 | INFO | User:36 | Endpoint: login | Method: POST | Status: 302 | Duration: 1.0846s
2026-01-30 02:13:49,381 | INFO | User:36 | Endpoint: dashboard | Method: GET | Status: 302 | Duration: 2.2418s
2026-01-30 02:13:51,170 | INFO | User:36 | Endpoint: talent_conduct_test | Method: GET | Status: 200 | Duration: 0.4202s
2026-01-30 02:13:55,354 | INFO | User:36 | Endpoint: global_search | Method: GET | Status: 200 | Duration: 0.4571s
2026-01-30 02:14:16,375 | INFO | User:36 | Endpoint: login | Method: GET | Status: 200 | Duration: 0.6740s
2026-01-30 02:14:25,574 | INFO | User:102 | Endpoint: login | Method: POST | Status: 302 | Duration: 0.3966s
2026-01-30 02:14:26,179 | INFO | User:102 | Endpoint: dashboard | Method: GET | Status: 302 | Duration: 0.4434s
2026-01-30 02:14:32,576 | INFO | User:102 | Endpoint: recruiter_dashboard | Method: GET | Status: 200 | Duration: 5.3284s
2026-01-30 02:14:39,440 | INFO | User:102 | Endpoint: recruiter_workbench | Method: GET | Status: 200 | Duration: 1.6814s
2026-01-30 02:14:56,483 | INFO | User:102 | Endpoint: recruiter_scheduling | Method: GET | Status: 200 | Duration: 3.5046s
2026-01-30 02:15:31,269 | INFO | User:102 | Endpoint: recruiter_book_test | Method: POST | Status: 302 | Duration: 5.9874s
2026-01-30 02:15:43,424 | INFO | User:102 | Endpoint: recruiter_book_test | Method: POST | Status: 302 | Duration: 3.4881s
2026-01-30 02:16:19,556 | INFO | User:102 | Endpoint: recruiter_scheduling | Method: GET | Status: 200 | Duration: 47.8271s
2026-01-30 02:16:20,920 | INFO | User:102 | Endpoint: recruiter_book_test | Method: POST | Status: 302 | Duration: 3.6353s
2026-01-30 02:16:39,158 | INFO | User:102 | Endpoint: recruiter_book_test | Method: POST | Status: 302 | Duration: 2.2820s
2026-01-30 02:16:41,478 | INFO | User:102 | Endpoint: recruiter_scheduling | Method: GET | Status: 200 | Duration: 20.4124s
2026-01-30 02:16:45,917 | INFO | User:102 | Endpoint: recruiter_scheduling | Method: GET | Status: 200 | Duration: 62.0768s
2026-01-30 02:16:48,302 | INFO | User:102 | Endpoint: recruiter_scheduling | Method: GET | Status: 200 | Duration: 9.0581s
2026-01-30 05:35:18,525 | INFO | User:102 | Endpoint: recruiter_dashboard | Method: GET | Status: 200 | Duration: 3.6556s
2026-01-30 05:36:01,327 | INFO | User:102 | Endpoint: recruiter_scheduling | Method: GET | Status: 200 | Duration: 27.1191s
2026-01-30 05:36:06,944 | INFO | User:102 | Endpoint: recruiter_scheduling | Method: GET | Status: 200 | Duration: 7.4205s
2026-01-30 05:36:57,102 | INFO | User:102 | Endpoint: recruiter_scheduling | Method: GET | Status: 200 | Duration: 92.3770s
2026-01-30 05:39:41,375 | INFO | User:102 | Endpoint: login | Method: GET | Status: 200 | Duration: 2.3061s
2026-01-30 05:40:17,352 | INFO | User:36 | Endpoint: login | Method: POST | Status: 302 | Duration: 0.4012s
2026-01-30 05:40:18,379 | INFO | User:36 | Endpoint: dashboard | Method: GET | Status: 302 | Duration: 0.8630s
2026-01-30 05:40:21,121 | INFO | User:36 | Endpoint: talent_conduct_test | Method: GET | Status: 200 | Duration: 2.2539s
2026-01-30 05:41:36,717 | INFO | User:36 | Endpoint: None | Method: GET | Status: 404 | Duration: 0.4763s
2026-01-30 05:43:47,029 | INFO | User:36 | Endpoint: dashboard | Method: GET | Status: 302 | Duration: 2.9115s
2026-01-30 05:43:48,804 | INFO | User:36 | Endpoint: talent_conduct_test | Method: GET | Status: 200 | Duration: 1.1685s
2026-01-31 02:03:42,910 | INFO | User:36 | Endpoint: login | Method: GET | Status: 200 | Duration: 0.7562s
2026-01-31 02:03:49,059 | INFO | User:36 | Endpoint: login | Method: POST | Status: 302 | Duration: 1.5015s
2026-01-31 02:03:49,493 | INFO | User:36 | Endpoint: dashboard | Method: GET | Status: 302 | Duration: 0.2497s
2026-01-31 02:03:50,413 | INFO | User:36 | Endpoint: talent_conduct_test | Method: GET | Status: 200 | Duration: 0.4530s
2026-01-31 02:04:11,477 | INFO | User:36 | Endpoint: None | Method: GET | Status: 404 | Duration: 0.2303s
2026-01-31 02:09:41,459 | INFO | User:36 | Endpoint: login | Method: GET | Status: 200 | Duration: 0.5538s
2026-01-31 02:09:57,025 | INFO | User:36 | Endpoint: login | Method: POST | Status: 302 | Duration: 0.6978s
2026-01-31 02:09:57,720 | INFO | User:36 | Endpoint: dashboard | Method: GET | Status: 302 | Duration: 0.5372s
2026-01-31 02:09:58,412 | INFO | User:36 | Endpoint: talent_conduct_test | Method: GET | Status: 200 | Duration: 0.4572s
2026-01-31 02:24:14,927 | INFO | User:36 | Endpoint: login | Method: GET | Status: 200 | Duration: 0.8129s
2026-01-31 02:24:21,417 | INFO | User:36 | Endpoint: login | Method: POST | Status: 302 | Duration: 0.6835s
2026-01-31 02:24:21,835 | INFO | User:36 | Endpoint: dashboard | Method: GET | Status: 302 | Duration: 0.2636s
2026-01-31 02:24:23,125 | INFO | User:36 | Endpoint: talent_conduct_test | Method: GET | Status: 200 | Duration: 0.8289s
2026-01-31 02:24:33,534 | INFO | User:36 | Endpoint: talent_conduct_test | Method: GET | Status: 200 | Duration: 1.9652s
2026-01-31 02:26:04,076 | INFO | User:36 | Endpoint: talent_conduct_test | Method: POST | Status: 302 | Duration: 1.8020s
2026-01-31 02:26:05,300 | INFO | User:36 | Endpoint: talent_conduct_test | Method: GET | Status: 200 | Duration: 1.1421s
2026-01-31 13:30:42,002 | INFO | User:Guest | Endpoint: index | Method: GET | Status: 302 | Duration: 0.0010s
2026-01-31 13:30:42,295 | INFO | User:Guest | Endpoint: login | Method: GET | Status: 200 | Duration: 0.0632s
2026-01-31 13:30:44,142 | INFO | User:Guest | Endpoint: None | Method: GET | Status: 404 | Duration: 0.0000s
2026-01-31 13:32:31,719 | INFO | User:36 | Endpoint: login | Method: GET | Status: 200 | Duration: 1.5627s
2026-01-31 13:32:45,396 | INFO | User:102 | Endpoint: login | Method: POST | Status: 302 | Duration: 0.9909s
2026-01-31 13:32:45,909 | INFO | User:102 | Endpoint: dashboard | Method: GET | Status: 302 | Duration: 0.2258s
2026-01-31 13:32:46,800 | INFO | User:102 | Endpoint: recruiter_dashboard | Method: GET | Status: 200 | Duration: 0.7217s
2026-01-31 13:38:00,104 | INFO | User:102 | Endpoint: recruiter_workbench | Method: GET | Status: 200 | Duration: 1.1318s
2026-01-31 13:38:04,023 | INFO | User:102 | Endpoint: recruiter_scheduling | Method: GET | Status: 200 | Duration: 1.2337s
2026-01-31 13:38:05,293 | INFO | User:102 | Endpoint: recruiter_interviews_notify | Method: GET | Status: 200 | Duration: 0.3818s
2026-01-31 13:38:37,452 | INFO | User:102 | Endpoint: None | Method: GET | Status: 404 | Duration: 0.5332s
2026-01-31 14:12:36,159 | INFO | User:102 | Endpoint: recruiter_interviews_notify | Method: GET | Status: 200 | Duration: 1.1054s
2026-02-01 11:09:43,370 | INFO | User:102 | Endpoint: login | Method: GET | Status: 200 | Duration: 0.5737s
2026-02-01 11:09:44,238 | INFO | User:102 | Endpoint: None | Method: GET | Status: 404 | Duration: 0.5087s
2026-02-01 12:10:40,111 | INFO | User:102 | Endpoint: login | Method: GET | Status: 200 | Duration: 1.1912s
2026-02-01 12:11:49,546 | INFO | User:264 | Endpoint: login | Method: POST | Status: 302 | Duration: 0.9568s
2026-02-01 12:11:50,038 | INFO | User:264 | Endpoint: dashboard | Method: GET | Status: 302 | Duration: 0.2177s
2026-02-01 12:18:59,872 | INFO | User:264 | Endpoint: recruiter_dashboard | Method: GET | Status: 200 | Duration: 1.0238s
2026-02-01 14:33:28,574 | INFO | User:264 | Endpoint: login | Method: POST | Status: 200 | Duration: 0.7167s
2026-02-01 14:33:41,878 | INFO | User:17 | Endpoint: login | Method: POST | Status: 302 | Duration: 0.7716s
2026-02-01 14:33:42,555 | INFO | User:17 | Endpoint: dashboard | Method: GET | Status: 302 | Duration: 0.5235s
2026-02-01 14:50:03,766 | INFO | User:17 | Endpoint: login | Method: GET | Status: 200 | Duration: 0.5634s
2026-02-01 14:50:27,845 | INFO | User:17 | Endpoint: login | Method: POST | Status: 302 | Duration: 0.6840s
2026-02-01 14:50:28,216 | INFO | User:17 | Endpoint: dashboard | Method: GET | Status: 302 | Duration: 0.2191s
2026-02-01 14:50:43,659 | INFO | User:17 | Endpoint: allocation_matching | Method: GET | Status: 200 | Duration: 14.9672s
2026-02-03 02:53:42,288 | INFO | User:17 | Endpoint: login | Method: GET | Status: 200 | Duration: 1.6749s
2026-02-03 02:53:43,262 | INFO | User:17 | Endpoint: None | Method: GET | Status: 404 | Duration: 0.2406s
2026-02-03 02:53:54,451 | INFO | User:264 | Endpoint: login | Method: POST | Status: 302 | Duration: 0.3873s
2026-02-03 02:53:54,855 | INFO | User:264 | Endpoint: dashboard | Method: GET | Status: 302 | Duration: 0.2333s
2026-02-03 02:53:56,049 | INFO | User:264 | Endpoint: recruiter_dashboard | Method: GET | Status: 200 | Duration: 0.7337s
2026-02-03 02:54:04,929 | INFO | User:264 | Endpoint: recruiter_workbench | Method: GET | Status: 200 | Duration: 0.5488s
2026-02-03 02:54:48,077 | INFO | User:264 | Endpoint: add_candidate_manual | Method: POST | Status: 302 | Duration: 0.4245s
2026-02-03 02:54:48,886 | INFO | User:264 | Endpoint: recruiter_workbench | Method: GET | Status: 200 | Duration: 0.6331s
2026-02-03 09:31:04,624 | INFO | User:264 | Endpoint: candidate_profile | Method: GET | Status: 200 | Duration: 14.9945s
2026-02-03 09:31:06,928 | INFO | User:264 | Endpoint: recruiter_workbench | Method: GET | Status: 200 | Duration: 3.8149s
2026-02-03 09:31:35,866 | INFO | User:264 | Endpoint: recruiter_scheduling | Method: GET | Status: 200 | Duration: 23.2188s
2026-02-03 09:31:46,870 | INFO | User:264 | Endpoint: recruiter_workbench | Method: GET | Status: 200 | Duration: 0.4429s
2026-02-03 09:31:47,106 | INFO | User:264 | Endpoint: recruiter_scheduling | Method: GET | Status: 200 | Duration: 14.2506s
2026-02-03 09:32:11,785 | INFO | User:264 | Endpoint: recruiter_scheduling | Method: GET | Status: 200 | Duration: 37.3502s
2026-02-03 09:32:51,190 | INFO | User:264 | Endpoint: login | Method: GET | Status: 200 | Duration: 1.1277s
2026-02-03 09:33:02,038 | INFO | User:264 | Endpoint: login | Method: POST | Status: 302 | Duration: 2.0846s
2026-02-03 09:33:05,254 | INFO | User:264 | Endpoint: dashboard | Method: GET | Status: 302 | Duration: 2.4138s
2026-02-03 09:33:09,555 | INFO | User:264 | Endpoint: recruiter_hiring_onboarding | Method: GET | Status: 302 | Duration: 40.8493s
2026-02-03 09:33:14,631 | INFO | User:264 | Endpoint: recruiter_dashboard | Method: GET | Status: 200 | Duration: 8.8458s
2026-02-03 09:34:00,395 | INFO | User:264 | Endpoint: recruiter_workbench | Method: GET | Status: 200 | Duration: 5.9531s
2026-02-03 09:34:11,316 | INFO | User:264 | Endpoint: recruiter_test_schedule | Method: GET | Status: 200 | Duration: 1.6710s
2026-02-03 09:39:01,778 | INFO | User:264 | Endpoint: recruiter_dashboard | Method: GET | Status: 200 | Duration: 9.7082s
2026-02-03 10:00:35,044 | INFO | User:264 | Endpoint: candidate_profile | Method: GET | Status: 200 | Duration: 2.0600s
2026-02-05 12:16:48,956 | INFO | User:Guest | Endpoint: index | Method: GET | Status: 302 | Duration: 0.0465s
2026-02-05 12:16:49,625 | INFO | User:Guest | Endpoint: login | Method: GET | Status: 200 | Duration: 0.5087s
2026-02-05 12:16:51,272 | INFO | User:Guest | Endpoint: None | Method: GET | Status: 404 | Duration: 0.0046s
2026-02-05 12:17:43,051 | INFO | User:Guest | Endpoint: login | Method: GET | Status: 200 | Duration: 0.0160s
2026-02-05 12:17:45,116 | INFO | User:Guest | Endpoint: None | Method: GET | Status: 404 | Duration: 0.0030s
2026-02-05 12:18:52,291 | INFO | User:265 | Endpoint: login | Method: POST | Status: 302 | Duration: 0.8947s
2026-02-05 12:18:52,708 | INFO | User:265 | Endpoint: dashboard | Method: GET | Status: 302 | Duration: 0.2145s
2026-02-05 12:18:54,032 | INFO | User:265 | Endpoint: recruiter_dashboard | Method: GET | Status: 200 | Duration: 1.1647s
2026-02-05 12:18:57,580 | INFO | User:265 | Endpoint: recruiter_workbench | Method: GET | Status: 200 | Duration: 0.4918s
2026-02-05 12:22:22,469 | INFO | User:265 | Endpoint: add_candidate_manual | Method: POST | Status: 302 | Duration: 1.5420s
2026-02-05 12:22:23,001 | INFO | User:265 | Endpoint: recruiter_workbench | Method: GET | Status: 200 | Duration: 0.4491s
2026-02-05 12:26:43,489 | INFO | User:265 | Endpoint: recruiter_test_schedule | Method: GET | Status: 200 | Duration: 1.2666s
2026-02-05 12:26:54,895 | INFO | User:265 | Endpoint: recruiter_workbench | Method: GET | Status: 200 | Duration: 0.7170s
2026-02-05 12:27:07,948 | INFO | User:265 | Endpoint: recruiter_evaluate_candidate | Method: POST | Status: 302 | Duration: 0.4152s
2026-02-05 12:27:08,445 | INFO | User:265 | Endpoint: recruiter_workbench | Method: GET | Status: 200 | Duration: 0.4225s
2026-02-05 12:27:12,694 | INFO | User:265 | Endpoint: recruiter_scheduling | Method: GET | Status: 200 | Duration: 0.9475s
2026-02-05 12:27:24,677 | INFO | User:265 | Endpoint: recruiter_book_test | Method: POST | Status: 302 | Duration: 0.6263s
2026-02-05 12:27:25,714 | INFO | User:265 | Endpoint: recruiter_scheduling | Method: GET | Status: 200 | Duration: 0.9394s
2026-02-05 12:27:28,290 | INFO | User:265 | Endpoint: recruiter_workbench | Method: GET | Status: 200 | Duration: 0.4706s
2026-02-05 12:27:29,837 | INFO | User:265 | Endpoint: recruiter_test_schedule | Method: GET | Status: 200 | Duration: 0.2720s
2026-02-05 12:30:15,276 | INFO | User:265 | Endpoint: talent_dashboard | Method: GET | Status: 302 | Duration: 1.0885s
2026-02-05 12:30:15,624 | INFO | User:265 | Endpoint: dashboard | Method: GET | Status: 302 | Duration: 0.2041s
2026-02-05 12:30:16,741 | INFO | User:265 | Endpoint: recruiter_dashboard | Method: GET | Status: 200 | Duration: 0.9750s
2026-02-05 12:30:32,408 | INFO | User:265 | Endpoint: login | Method: GET | Status: 200 | Duration: 0.2120s
2026-02-05 12:31:21,087 | INFO | User:265 | Endpoint: login | Method: POST | Status: 200 | Duration: 0.3679s
2026-02-05 12:31:41,835 | INFO | User:265 | Endpoint: login | Method: POST | Status: 200 | Duration: 0.3375s
2026-02-05 12:32:13,447 | INFO | User:36 | Endpoint: login | Method: POST | Status: 302 | Duration: 0.3488s
2026-02-05 12:32:13,798 | INFO | User:36 | Endpoint: dashboard | Method: GET | Status: 302 | Duration: 0.2018s
2026-02-05 12:32:16,557 | INFO | User:36 | Endpoint: talent_conduct_test | Method: GET | Status: 200 | Duration: 2.3158s
2026-02-22 00:09:09,501 | INFO | User:Guest | Endpoint: index | Method: GET | Status: 302 | Duration: 0.0000s
2026-02-22 00:09:10,196 | INFO | User:Guest | Endpoint: login | Method: GET | Status: 200 | Duration: 0.0445s
2026-02-22 00:09:24,802 | INFO | User:5 | Endpoint: login | Method: POST | Status: 302 | Duration: 0.8308s
2026-02-22 00:12:16,452 | INFO | User:5 | Endpoint: index | Method: GET | Status: 302 | Duration: 1.3170s
2026-02-22 00:13:20,508 | INFO | User:5 | Endpoint: index | Method: GET | Status: 302 | Duration: 0.9058s
2026-02-22 00:16:14,113 | INFO | User:5 | Endpoint: index | Method: GET | Status: 302 | Duration: 0.6502s
2026-02-22 00:19:49,608 | INFO | User:Guest | Endpoint: index | Method: GET | Status: 302 | Duration: 0.0000s
2026-02-22 00:19:51,005 | INFO | User:Guest | Endpoint: index | Method: GET | Status: 302 | Duration: 0.0000s
2026-02-22 00:19:51,037 | INFO | User:Guest | Endpoint: login | Method: GET | Status: 200 | Duration: 0.0747s
2026-02-22 00:19:51,145 | INFO | User:Guest | Endpoint: login | Method: GET | Status: 200 | Duration: 0.0016s
2026-02-22 00:19:53,401 | INFO | User:Guest | Endpoint: None | Method: GET | Status: 404 | Duration: 0.0020s
2026-02-22 00:19:53,406 | INFO | User:Guest | Endpoint: None | Method: GET | Status: 404 | Duration: 0.0010s
2026-02-22 00:20:09,158 | INFO | User:264 | Endpoint: login | Method: POST | Status: 302 | Duration: 0.6155s
2026-02-22 00:20:09,597 | INFO | User:264 | Endpoint: dashboard | Method: GET | Status: 302 | Duration: 0.2318s
2026-02-22 00:20:11,514 | INFO | User:264 | Endpoint: recruiter_dashboard | Method: GET | Status: 200 | Duration: 1.7583s
2026-02-22 00:20:36,217 | INFO | User:264 | Endpoint: recruiter_scheduling | Method: GET | Status: 200 | Duration: 0.5953s
2026-02-22 00:25:23,969 | INFO | User:264 | Endpoint: recruiter_interviews_notify | Method: GET | Status: 200 | Duration: 1.4134s
2026-02-22 00:25:38,666 | INFO | User:264 | Endpoint: recruiter_confirm_interview | Method: POST | Status: 302 | Duration: 0.4909s
2026-02-22 00:25:39,118 | INFO | User:264 | Endpoint: recruiter_interviews_notify | Method: GET | Status: 200 | Duration: 0.3723s
2026-02-22 00:25:46,444 | INFO | User:264 | Endpoint: recruiter_scheduling | Method: GET | Status: 200 | Duration: 0.8758s
2026-02-22 00:25:49,818 | INFO | User:264 | Endpoint: recruiter_workbench | Method: GET | Status: 200 | Duration: 0.4830s
2026-02-22 00:58:55,931 | INFO | User:264 | Endpoint: index | Method: GET | Status: 302 | Duration: 1.6855s
2026-02-22 01:00:30,436 | INFO | User:264 | Endpoint: index | Method: GET | Status: 302 | Duration: 2.5311s
2026-02-22 01:00:32,530 | INFO | User:264 | Endpoint: dashboard | Method: GET | Status: 302 | Duration: 0.7925s
2026-02-22 01:00:41,077 | INFO | User:264 | Endpoint: recruiter_dashboard | Method: GET | Status: 200 | Duration: 7.9456s
2026-02-22 01:00:43,747 | INFO | User:264 | Endpoint: None | Method: GET | Status: 404 | Duration: 0.9752s
2026-02-22 01:06:20,886 | INFO | User:264 | Endpoint: login | Method: GET | Status: 200 | Duration: 0.9539s
2026-02-22 01:14:42,839 | INFO | User:264 | Endpoint: index | Method: GET | Status: 302 | Duration: 0.2250s
2026-02-22 01:14:43,357 | INFO | User:264 | Endpoint: dashboard | Method: GET | Status: 302 | Duration: 0.2269s
2026-02-22 01:14:43,575 | INFO | User:264 | Endpoint: index | Method: GET | Status: 302 | Duration: 0.5825s
2026-02-22 01:14:43,956 | INFO | User:264 | Endpoint: dashboard | Method: GET | Status: 302 | Duration: 0.2227s
2026-02-22 01:14:52,768 | INFO | User:264 | Endpoint: index | Method: GET | Status: 302 | Duration: 0.5506s
2026-02-22 01:14:53,111 | INFO | User:264 | Endpoint: recruiter_dashboard | Method: GET | Status: 200 | Duration: 2.6161s
2026-02-22 01:14:53,217 | INFO | User:264 | Endpoint: index | Method: GET | Status: 302 | Duration: 0.2816s
2026-02-22 01:14:53,543 | INFO | User:264 | Endpoint: dashboard | Method: GET | Status: 302 | Duration: 0.6021s
2026-02-22 01:14:59,659 | INFO | User:264 | Endpoint: index | Method: GET | Status: 302 | Duration: 0.5280s
2026-02-22 01:15:00,043 | INFO | User:264 | Endpoint: dashboard | Method: GET | Status: 302 | Duration: 0.2259s
2026-02-22 01:15:07,026 | INFO | User:264 | Endpoint: index | Method: GET | Status: 302 | Duration: 0.8207s
2026-02-22 01:15:07,337 | INFO | User:264 | Endpoint: recruiter_dashboard | Method: GET | Status: 200 | Duration: 1.9817s
2026-02-22 01:15:07,416 | INFO | User:264 | Endpoint: dashboard | Method: GET | Status: 302 | Duration: 0.2373s
2026-02-22 01:15:07,890 | INFO | User:264 | Endpoint: index | Method: GET | Status: 302 | Duration: 0.5477s
2026-02-22 01:15:08,281 | INFO | User:264 | Endpoint: dashboard | Method: GET | Status: 302 | Duration: 0.2303s
2026-02-22 01:15:09,136 | INFO | User:264 | Endpoint: recruiter_dashboard | Method: GET | Status: 200 | Duration: 1.5460s
2026-02-22 01:15:32,952 | INFO | User:264 | Endpoint: index | Method: GET | Status: 302 | Duration: 0.2328s
2026-02-22 01:15:33,350 | INFO | User:264 | Endpoint: dashboard | Method: GET | Status: 302 | Duration: 0.2323s
2026-02-22 01:15:39,897 | INFO | User:264 | Endpoint: index | Method: GET | Status: 302 | Duration: 0.5604s
2026-02-22 01:15:40,268 | INFO | User:264 | Endpoint: dashboard | Method: GET | Status: 302 | Duration: 0.2176s
2026-02-22 01:15:41,059 | INFO | User:264 | Endpoint: recruiter_dashboard | Method: GET | Status: 200 | Duration: 1.7234s
2026-02-22 01:15:41,894 | INFO | User:264 | Endpoint: index | Method: GET | Status: 302 | Duration: 0.5295s
2026-02-22 01:15:42,270 | INFO | User:264 | Endpoint: index | Method: GET | Status: 302 | Duration: 0.2241s
2026-02-22 01:15:42,674 | INFO | User:264 | Endpoint: dashboard | Method: GET | Status: 302 | Duration: 0.6245s
2026-02-22 01:15:42,829 | INFO | User:264 | Endpoint: recruiter_dashboard | Method: GET | Status: 200 | Duration: 1.6169s
2026-02-22 01:15:43,043 | INFO | User:264 | Endpoint: dashboard | Method: GET | Status: 302 | Duration: 0.2193s
2026-02-22 01:15:44,556 | INFO | User:264 | Endpoint: recruiter_dashboard | Method: GET | Status: 200 | Duration: 1.5701s
2026-02-22 01:15:46,299 | INFO | User:264 | Endpoint: recruiter_dashboard | Method: GET | Status: 200 | Duration: 1.5922s
2026-02-22 01:19:57,367 | INFO | User:264 | Endpoint: index | Method: GET | Status: 302 | Duration: 0.2323s
2026-02-22 01:19:57,751 | INFO | User:264 | Endpoint: index | Method: GET | Status: 302 | Duration: 0.2291s
2026-02-22 01:19:58,134 | INFO | User:264 | Endpoint: dashboard | Method: GET | Status: 302 | Duration: 0.6066s
2026-02-22 01:19:58,538 | INFO | User:264 | Endpoint: dashboard | Method: GET | Status: 302 | Duration: 0.2310s
2026-02-22 01:20:00,601 | INFO | User:264 | Endpoint: recruiter_dashboard | Method: GET | Status: 200 | Duration: 2.2917s
2026-02-22 01:20:03,331 | INFO | User:264 | Endpoint: recruiter_dashboard | Method: GET | Status: 200 | Duration: 2.5763s
2026-02-22 02:15:14,862 | INFO | User:264 | Endpoint: index | Method: GET | Status: 302 | Duration: 0.5713s
2026-02-22 02:15:15,268 | INFO | User:264 | Endpoint: dashboard | Method: GET | Status: 302 | Duration: 0.2222s
2026-02-22 02:15:17,654 | INFO | User:264 | Endpoint: recruiter_dashboard | Method: GET | Status: 200 | Duration: 2.2020s
2026-02-22 02:15:39,909 | INFO | User:264 | Endpoint: index | Method: GET | Status: 302 | Duration: 0.6211s
2026-02-22 02:15:41,290 | INFO | User:264 | Endpoint: dashboard | Method: GET | Status: 302 | Duration: 0.2315s
2026-02-22 02:15:44,363 | INFO | User:264 | Endpoint: recruiter_dashboard | Method: GET | Status: 200 | Duration: 2.7745s
2026-02-22 02:15:54,367 | INFO | User:264 | Endpoint: index | Method: GET | Status: 302 | Duration: 0.5532s
2026-02-22 02:15:54,800 | INFO | User:264 | Endpoint: dashboard | Method: GET | Status: 302 | Duration: 0.2306s
2026-02-22 02:15:56,680 | INFO | User:264 | Endpoint: recruiter_dashboard | Method: GET | Status: 200 | Duration: 1.7233s
2026-02-22 02:16:07,653 | INFO | User:264 | Endpoint: index | Method: GET | Status: 302 | Duration: 0.7031s
2026-02-22 02:16:08,042 | INFO | User:264 | Endpoint: dashboard | Method: GET | Status: 302 | Duration: 0.2296s
2026-02-22 02:16:09,951 | INFO | User:264 | Endpoint: recruiter_dashboard | Method: GET | Status: 200 | Duration: 1.7484s
2026-02-22 02:16:36,394 | INFO | User:264 | Endpoint: index | Method: GET | Status: 302 | Duration: 0.5526s
2026-02-22 02:16:36,789 | INFO | User:264 | Endpoint: dashboard | Method: GET | Status: 302 | Duration: 0.2352s
2026-02-22 02:16:37,920 | INFO | User:264 | Endpoint: recruiter_dashboard | Method: GET | Status: 200 | Duration: 2.0770s
2026-02-22 02:16:38,175 | INFO | User:264 | Endpoint: index | Method: GET | Status: 302 | Duration: 0.2940s
2026-02-22 02:16:38,559 | INFO | User:264 | Endpoint: dashboard | Method: GET | Status: 302 | Duration: 0.2213s
2026-02-22 02:16:39,971 | INFO | User:264 | Endpoint: recruiter_dashboard | Method: GET | Status: 200 | Duration: 1.8549s
2026-02-22 02:16:41,675 | INFO | User:264 | Endpoint: recruiter_dashboard | Method: GET | Status: 200 | Duration: 1.5536s
2026-02-22 03:15:08,071 | INFO | User:264 | Endpoint: index | Method: GET | Status: 302 | Duration: 0.5153s
2026-02-22 03:15:08,452 | INFO | User:264 | Endpoint: dashboard | Method: GET | Status: 302 | Duration: 0.2234s
2026-02-22 03:15:11,501 | INFO | User:264 | Endpoint: recruiter_dashboard | Method: GET | Status: 200 | Duration: 2.5883s
2026-02-22 03:15:24,981 | INFO | User:264 | Endpoint: index | Method: GET | Status: 302 | Duration: 0.5285s
2026-02-22 03:15:25,356 | INFO | User:264 | Endpoint: dashboard | Method: GET | Status: 302 | Duration: 0.2226s
2026-02-22 03:15:27,244 | INFO | User:264 | Endpoint: recruiter_dashboard | Method: GET | Status: 200 | Duration: 1.7327s
2026-02-22 03:16:17,575 | INFO | User:264 | Endpoint: index | Method: GET | Status: 302 | Duration: 0.6097s
2026-02-22 03:16:28,310 | INFO | User:264 | Endpoint: dashboard | Method: GET | Status: 302 | Duration: 0.6435s
2026-02-22 03:16:48,476 | INFO | User:264 | Endpoint: index | Method: GET | Status: 302 | Duration: 0.5237s
2026-02-22 03:16:48,849 | INFO | User:264 | Endpoint: dashboard | Method: GET | Status: 302 | Duration: 0.2204s
2026-02-22 03:16:50,677 | INFO | User:264 | Endpoint: recruiter_dashboard | Method: GET | Status: 200 | Duration: 1.6763s
2026-02-22 03:16:59,585 | INFO | User:264 | Endpoint: index | Method: GET | Status: 302 | Duration: 0.5397s
2026-02-22 03:16:59,971 | INFO | User:264 | Endpoint: dashboard | Method: GET | Status: 302 | Duration: 0.2283s
2026-02-22 03:17:01,905 | INFO | User:264 | Endpoint: recruiter_dashboard | Method: GET | Status: 200 | Duration: 1.7757s
2026-02-22 10:28:02,105 | INFO | User:264 | Endpoint: index | Method: GET | Status: 302 | Duration: 0.7079s
2026-02-22 10:28:02,640 | INFO | User:264 | Endpoint: dashboard | Method: GET | Status: 302 | Duration: 0.2430s
2026-02-22 10:28:03,454 | INFO | User:264 | Endpoint: index | Method: GET | Status: 302 | Duration: 0.2526s
2026-02-22 10:28:03,870 | INFO | User:264 | Endpoint: dashboard | Method: GET | Status: 302 | Duration: 0.2425s
2026-02-22 10:28:06,579 | INFO | User:264 | Endpoint: recruiter_dashboard | Method: GET | Status: 200 | Duration: 3.7669s
2026-02-22 10:28:08,467 | INFO | User:264 | Endpoint: recruiter_dashboard | Method: GET | Status: 200 | Duration: 1.7063s
2026-02-22 10:28:33,207 | INFO | User:264 | Endpoint: index | Method: GET | Status: 302 | Duration: 0.8602s
2026-02-22 10:28:33,631 | INFO | User:264 | Endpoint: dashboard | Method: GET | Status: 302 | Duration: 0.2493s
2026-02-22 10:28:36,049 | INFO | User:264 | Endpoint: recruiter_dashboard | Method: GET | Status: 200 | Duration: 2.1611s
2026-02-22 10:28:48,430 | INFO | User:264 | Endpoint: index | Method: GET | Status: 302 | Duration: 0.5802s
2026-02-22 10:28:49,448 | INFO | User:264 | Endpoint: dashboard | Method: GET | Status: 302 | Duration: 0.2452s
2026-02-22 10:28:51,459 | INFO | User:264 | Endpoint: recruiter_dashboard | Method: GET | Status: 200 | Duration: 1.8412s
2026-02-22 10:29:37,955 | INFO | User:264 | Endpoint: index | Method: GET | Status: 302 | Duration: 2.1102s
2026-02-22 10:29:38,805 | INFO | User:264 | Endpoint: dashboard | Method: GET | Status: 302 | Duration: 0.6071s
2026-02-22 10:29:41,137 | INFO | User:264 | Endpoint: recruiter_dashboard | Method: GET | Status: 200 | Duration: 2.1632s
2026-02-22 11:30:50,656 | INFO | User:264 | Endpoint: index | Method: GET | Status: 302 | Duration: 0.5839s
2026-02-22 11:30:51,087 | INFO | User:264 | Endpoint: dashboard | Method: GET | Status: 302 | Duration: 0.2459s
2026-02-22 11:30:53,886 | INFO | User:264 | Endpoint: recruiter_dashboard | Method: GET | Status: 200 | Duration: 2.6283s
2026-02-22 11:31:28,071 | INFO | User:264 | Endpoint: index | Method: GET | Status: 302 | Duration: 0.5828s
2026-02-22 11:31:28,487 | INFO | User:264 | Endpoint: dashboard | Method: GET | Status: 302 | Duration: 0.2449s
2026-02-22 11:31:30,512 | INFO | User:264 | Endpoint: recruiter_dashboard | Method: GET | Status: 200 | Duration: 1.8504s
2026-02-22 11:32:53,235 | INFO | User:264 | Endpoint: index | Method: GET | Status: 302 | Duration: 0.5919s
2026-02-22 11:32:53,653 | INFO | User:264 | Endpoint: dashboard | Method: GET | Status: 302 | Duration: 0.2470s
2026-02-22 11:33:01,596 | INFO | User:264 | Endpoint: recruiter_dashboard | Method: GET | Status: 200 | Duration: 2.2626s
2026-02-22 11:33:01,666 | INFO | User:264 | Endpoint: index | Method: GET | Status: 302 | Duration: 0.2700s
2026-02-22 11:33:02,090 | INFO | User:264 | Endpoint: dashboard | Method: GET | Status: 302 | Duration: 0.2454s
2026-02-22 11:33:10,289 | INFO | User:264 | Endpoint: index | Method: GET | Status: 302 | Duration: 0.5845s
2026-02-22 11:33:10,712 | INFO | User:264 | Endpoint: dashboard | Method: GET | Status: 302 | Duration: 0.2510s
2026-02-22 11:33:12,746 | INFO | User:264 | Endpoint: recruiter_dashboard | Method: GET | Status: 200 | Duration: 1.8590s
2026-02-22 11:33:22,888 | INFO | User:264 | Endpoint: index | Method: GET | Status: 302 | Duration: 0.5888s
2026-02-22 11:33:23,302 | INFO | User:264 | Endpoint: dashboard | Method: GET | Status: 302 | Duration: 0.2447s
2026-02-22 11:33:25,459 | INFO | User:264 | Endpoint: recruiter_dashboard | Method: GET | Status: 200 | Duration: 1.8504s
2026-02-22 11:33:39,118 | INFO | User:264 | Endpoint: index | Method: GET | Status: 302 | Duration: 0.9763s
2026-02-22 11:33:39,536 | INFO | User:264 | Endpoint: dashboard | Method: GET | Status: 302 | Duration: 0.2454s
2026-02-22 11:33:41,534 | INFO | User:264 | Endpoint: recruiter_dashboard | Method: GET | Status: 200 | Duration: 1.8268s
2026-02-22 11:33:58,545 | INFO | User:264 | Endpoint: index | Method: GET | Status: 302 | Duration: 0.6081s
2026-02-22 11:33:59,020 | INFO | User:264 | Endpoint: dashboard | Method: GET | Status: 302 | Duration: 0.3029s
2026-02-22 11:34:01,065 | INFO | User:264 | Endpoint: recruiter_dashboard | Method: GET | Status: 200 | Duration: 1.8714s
2026-02-22 11:34:13,083 | INFO | User:264 | Endpoint: index | Method: GET | Status: 302 | Duration: 0.5822s
2026-02-22 11:34:13,511 | INFO | User:264 | Endpoint: dashboard | Method: GET | Status: 302 | Duration: 0.2548s
2026-02-22 11:34:33,385 | INFO | User:264 | Endpoint: index | Method: GET | Status: 302 | Duration: 0.5907s
2026-02-22 11:34:33,812 | INFO | User:264 | Endpoint: dashboard | Method: GET | Status: 302 | Duration: 0.2512s
2026-02-22 11:34:35,866 | INFO | User:264 | Endpoint: recruiter_dashboard | Method: GET | Status: 200 | Duration: 1.8808s
2026-02-22 11:34:46,349 | INFO | User:264 | Endpoint: index | Method: GET | Status: 302 | Duration: 0.5963s
2026-02-22 11:34:52,151 | INFO | User:264 | Endpoint: index | Method: GET | Status: 302 | Duration: 0.7061s
2026-02-22 11:34:52,580 | INFO | User:264 | Endpoint: dashboard | Method: GET | Status: 302 | Duration: 0.2505s
2026-02-22 11:34:59,426 | INFO | User:264 | Endpoint: index | Method: GET | Status: 302 | Duration: 0.5860s
2026-02-22 11:34:59,848 | INFO | User:264 | Endpoint: dashboard | Method: GET | Status: 302 | Duration: 0.2486s
2026-02-22 11:35:07,063 | INFO | User:264 | Endpoint: index | Method: GET | Status: 302 | Duration: 0.5909s
2026-02-22 11:35:13,916 | INFO | User:264 | Endpoint: index | Method: GET | Status: 302 | Duration: 0.2674s
2026-02-22 11:35:14,394 | INFO | User:264 | Endpoint: dashboard | Method: GET | Status: 302 | Duration: 0.2504s
2026-02-22 11:35:29,144 | INFO | User:264 | Endpoint: index | Method: GET | Status: 302 | Duration: 0.6857s
2026-02-22 11:35:29,563 | INFO | User:264 | Endpoint: dashboard | Method: GET | Status: 302 | Duration: 0.2471s
2026-02-22 11:35:31,732 | INFO | User:264 | Endpoint: recruiter_dashboard | Method: GET | Status: 200 | Duration: 1.9978s
2026-02-22 11:35:44,872 | INFO | User:264 | Endpoint: recruiter_workbench | Method: GET | Status: 200 | Duration: 1.0042s
2026-02-22 11:35:46,529 | INFO | User:264 | Endpoint: index | Method: GET | Status: 302 | Duration: 0.5800s
2026-02-22 11:35:46,946 | INFO | User:264 | Endpoint: dashboard | Method: GET | Status: 302 | Duration: 0.2455s
2026-02-22 11:35:48,901 | INFO | User:264 | Endpoint: recruiter_dashboard | Method: GET | Status: 200 | Duration: 1.7841s
2026-02-22 11:35:58,265 | INFO | User:264 | Endpoint: index | Method: GET | Status: 302 | Duration: 0.6070s
2026-02-22 11:35:58,688 | INFO | User:264 | Endpoint: dashboard | Method: GET | Status: 302 | Duration: 0.2500s
2026-02-22 11:36:00,763 | INFO | User:264 | Endpoint: recruiter_dashboard | Method: GET | Status: 200 | Duration: 1.9035s
2026-02-22 11:36:10,840 | INFO | User:264 | Endpoint: recruiter_dashboard | Method: GET | Status: 200 | Duration: 2.2428s
2026-02-22 11:36:10,906 | INFO | User:264 | Endpoint: index | Method: GET | Status: 302 | Duration: 0.2492s
2026-02-22 11:36:25,645 | INFO | User:264 | Endpoint: index | Method: GET | Status: 302 | Duration: 0.5910s
2026-02-22 11:36:26,171 | INFO | User:264 | Endpoint: dashboard | Method: GET | Status: 302 | Duration: 0.2490s
2026-02-22 11:36:27,300 | INFO | User:264 | Endpoint: index | Method: GET | Status: 302 | Duration: 0.2431s
2026-02-22 11:36:27,727 | INFO | User:264 | Endpoint: dashboard | Method: GET | Status: 302 | Duration: 0.2450s
2026-02-22 11:36:28,216 | INFO | User:264 | Endpoint: recruiter_dashboard | Method: GET | Status: 200 | Duration: 1.8691s
2026-02-22 11:36:30,126 | INFO | User:264 | Endpoint: recruiter_dashboard | Method: GET | Status: 200 | Duration: 1.7423s
2026-02-22 11:41:47,887 | INFO | User:264 | Endpoint: recruiter_workbench | Method: GET | Status: 200 | Duration: 1.2834s
2026-02-22 12:47:49,398 | INFO | User:264 | Endpoint: index | Method: GET | Status: 302 | Duration: 0.5843s
2026-02-22 12:47:50,265 | INFO | User:264 | Endpoint: dashboard | Method: GET | Status: 302 | Duration: 0.5674s
2026-02-22 12:48:08,119 | INFO | User:264 | Endpoint: index | Method: GET | Status: 302 | Duration: 0.8332s
2026-02-22 12:48:08,860 | INFO | User:264 | Endpoint: dashboard | Method: GET | Status: 302 | Duration: 0.5702s
2026-02-22 12:48:18,670 | INFO | User:264 | Endpoint: index | Method: GET | Status: 302 | Duration: 0.5816s
2026-02-22 12:48:19,093 | INFO | User:264 | Endpoint: dashboard | Method: GET | Status: 302 | Duration: 0.2484s
2026-02-22 12:48:20,032 | INFO | User:264 | Endpoint: index | Method: GET | Status: 302 | Duration: 0.2485s
2026-02-22 12:48:20,375 | INFO | User:264 | Endpoint: recruiter_dashboard | Method: GET | Status: 200 | Duration: 2.2864s
2026-02-22 12:48:20,460 | INFO | User:264 | Endpoint: dashboard | Method: GET | Status: 302 | Duration: 0.2538s
2026-02-22 12:48:22,298 | INFO | User:264 | Endpoint: recruiter_dashboard | Method: GET | Status: 200 | Duration: 1.7518s
2026-02-22 12:48:24,272 | INFO | User:264 | Endpoint: recruiter_dashboard | Method: GET | Status: 200 | Duration: 1.7192s
2026-02-22 12:48:26,329 | INFO | User:264 | Endpoint: recruiter_dashboard | Method: GET | Status: 200 | Duration: 1.8275s
2026-02-22 12:49:32,778 | INFO | User:264 | Endpoint: index | Method: GET | Status: 302 | Duration: 0.5878s
2026-02-22 12:49:33,205 | INFO | User:264 | Endpoint: dashboard | Method: GET | Status: 302 | Duration: 0.2489s
2026-02-22 12:49:35,101 | INFO | User:264 | Endpoint: index | Method: GET | Status: 302 | Duration: 0.2449s
2026-02-22 12:49:35,515 | INFO | User:264 | Endpoint: dashboard | Method: GET | Status: 302 | Duration: 0.2411s
2026-02-22 12:49:43,933 | INFO | User:264 | Endpoint: recruiter_dashboard | Method: GET | Status: 200 | Duration: 2.2797s
2026-02-22 12:49:51,042 | INFO | User:264 | Endpoint: index | Method: GET | Status: 302 | Duration: 0.5921s
2026-02-22 12:50:04,414 | INFO | User:264 | Endpoint: index | Method: GET | Status: 302 | Duration: 0.7489s
2026-02-22 12:50:04,841 | INFO | User:264 | Endpoint: dashboard | Method: GET | Status: 302 | Duration: 0.2534s
2026-02-22 12:50:06,259 | INFO | User:264 | Endpoint: index | Method: GET | Status: 302 | Duration: 0.5727s
2026-02-22 12:50:06,717 | INFO | User:264 | Endpoint: dashboard | Method: GET | Status: 302 | Duration: 0.2550s
2026-02-22 12:50:14,843 | INFO | User:264 | Endpoint: recruiter_dashboard | Method: GET | Status: 200 | Duration: 2.2921s
2026-02-22 12:50:15,270 | INFO | User:264 | Endpoint: index | Method: GET | Status: 302 | Duration: 0.2496s
2026-02-22 12:50:15,764 | INFO | User:264 | Endpoint: dashboard | Method: GET | Status: 302 | Duration: 0.2459s
2026-02-22 12:50:17,691 | INFO | User:264 | Endpoint: recruiter_dashboard | Method: GET | Status: 200 | Duration: 1.7544s
2026-02-22 12:50:45,065 | INFO | User:264 | Endpoint: index | Method: GET | Status: 302 | Duration: 0.6014s
2026-02-22 12:50:45,489 | INFO | User:264 | Endpoint: dashboard | Method: GET | Status: 302 | Duration: 0.2436s
2026-02-22 12:51:04,898 | INFO | User:264 | Endpoint: recruiter_dashboard | Method: GET | Status: 200 | Duration: 2.3518s
2026-02-22 12:51:05,473 | INFO | User:264 | Endpoint: index | Method: GET | Status: 302 | Duration: 0.5993s
2026-02-22 12:51:06,121 | INFO | User:264 | Endpoint: dashboard | Method: GET | Status: 302 | Duration: 0.2489s
2026-02-22 12:51:08,050 | INFO | User:264 | Endpoint: recruiter_dashboard | Method: GET | Status: 200 | Duration: 1.6933s
2026-02-22 12:51:27,726 | INFO | User:264 | Endpoint: index | Method: GET | Status: 302 | Duration: 0.5872s
2026-02-22 12:51:28,146 | INFO | User:264 | Endpoint: dashboard | Method: GET | Status: 302 | Duration: 0.2481s
2026-02-22 12:51:30,221 | INFO | User:264 | Endpoint: recruiter_dashboard | Method: GET | Status: 200 | Duration: 1.9010s
2026-02-22 12:51:40,699 | INFO | User:264 | Endpoint: recruiter_dashboard | Method: GET | Status: 200 | Duration: 1.7523s
2026-02-22 12:52:56,012 | INFO | User:264 | Endpoint: index | Method: GET | Status: 302 | Duration: 0.5921s
2026-02-22 12:52:56,447 | INFO | User:264 | Endpoint: dashboard | Method: GET | Status: 302 | Duration: 0.2602s
2026-02-22 12:52:58,551 | INFO | User:264 | Endpoint: recruiter_dashboard | Method: GET | Status: 200 | Duration: 1.9314s
2026-02-22 12:53:32,663 | INFO | User:264 | Endpoint: index | Method: GET | Status: 302 | Duration: 0.6546s
2026-02-22 12:53:33,089 | INFO | User:264 | Endpoint: dashboard | Method: GET | Status: 302 | Duration: 0.2534s
2026-02-22 12:53:42,855 | INFO | User:264 | Endpoint: recruiter_dashboard | Method: GET | Status: 200 | Duration: 2.2758s
2026-02-22 12:53:42,965 | INFO | User:264 | Endpoint: index | Method: GET | Status: 302 | Duration: 0.2995s
2026-02-22 12:53:43,385 | INFO | User:264 | Endpoint: dashboard | Method: GET | Status: 302 | Duration: 0.2482s
2026-02-22 12:53:45,315 | INFO | User:264 | Endpoint: recruiter_dashboard | Method: GET | Status: 200 | Duration: 1.7419s
2026-02-22 12:54:03,801 | INFO | User:264 | Endpoint: index | Method: GET | Status: 302 | Duration: 0.5777s
2026-02-22 12:54:04,403 | INFO | User:264 | Endpoint: dashboard | Method: GET | Status: 302 | Duration: 0.3968s
2026-02-22 12:54:06,836 | INFO | User:264 | Endpoint: recruiter_dashboard | Method: GET | Status: 200 | Duration: 2.2497s
2026-02-22 12:54:15,995 | INFO | User:264 | Endpoint: index | Method: GET | Status: 302 | Duration: 0.6014s
2026-02-22 12:54:16,423 | INFO | User:264 | Endpoint: dashboard | Method: GET | Status: 302 | Duration: 0.2546s
2026-02-22 12:54:18,463 | INFO | User:264 | Endpoint: recruiter_dashboard | Method: GET | Status: 200 | Duration: 1.8653s
2026-02-22 13:00:17,639 | INFO | User:264 | Endpoint: index | Method: GET | Status: 302 | Duration: 0.5859s
2026-02-22 13:00:18,053 | INFO | User:264 | Endpoint: dashboard | Method: GET | Status: 302 | Duration: 0.2447s
2026-02-22 13:00:21,088 | INFO | User:264 | Endpoint: recruiter_dashboard | Method: GET | Status: 200 | Duration: 2.8517s
2026-02-22 13:01:57,797 | INFO | User:264 | Endpoint: index | Method: GET | Status: 302 | Duration: 0.5784s
2026-02-22 13:01:58,263 | INFO | User:264 | Endpoint: dashboard | Method: GET | Status: 302 | Duration: 0.2458s
2026-02-22 13:02:00,565 | INFO | User:264 | Endpoint: recruiter_dashboard | Method: GET | Status: 200 | Duration: 1.8948s
2026-02-22 13:03:14,773 | INFO | User:264 | Endpoint: index | Method: GET | Status: 302 | Duration: 0.5834s
2026-02-22 13:03:15,230 | INFO | User:264 | Endpoint: dashboard | Method: GET | Status: 302 | Duration: 0.2422s
2026-02-22 13:03:17,882 | INFO | User:264 | Endpoint: recruiter_dashboard | Method: GET | Status: 200 | Duration: 2.4648s
2026-02-22 13:07:07,423 | INFO | User:264 | Endpoint: index | Method: GET | Status: 302 | Duration: 0.5785s
2026-02-22 13:07:07,973 | INFO | User:264 | Endpoint: dashboard | Method: GET | Status: 302 | Duration: 0.2456s
2026-02-22 13:07:21,347 | INFO | User:264 | Endpoint: recruiter_dashboard | Method: GET | Status: 200 | Duration: 2.8106s
2026-02-22 13:07:21,348 | INFO | User:264 | Endpoint: index | Method: GET | Status: 302 | Duration: 0.2697s
2026-02-22 13:07:22,123 | INFO | User:264 | Endpoint: dashboard | Method: GET | Status: 302 | Duration: 0.5942s
2026-02-22 13:07:24,565 | INFO | User:264 | Endpoint: recruiter_dashboard | Method: GET | Status: 200 | Duration: 2.0763s
2026-02-22 13:59:06,727 | INFO | User:264 | Endpoint: index | Method: GET | Status: 302 | Duration: 0.6434s
2026-02-22 13:59:07,161 | INFO | User:264 | Endpoint: dashboard | Method: GET | Status: 302 | Duration: 0.2610s
2026-02-22 13:59:09,982 | INFO | User:264 | Endpoint: recruiter_dashboard | Method: GET | Status: 200 | Duration: 2.6300s
2026-02-22 14:00:36,062 | INFO | User:264 | Endpoint: index | Method: GET | Status: 302 | Duration: 0.6090s
2026-02-22 14:00:36,497 | INFO | User:264 | Endpoint: dashboard | Method: GET | Status: 302 | Duration: 0.2512s
2026-02-22 14:00:50,125 | INFO | User:264 | Endpoint: recruiter_dashboard | Method: GET | Status: 200 | Duration: 2.2710s
2026-02-22 14:00:50,830 | INFO | User:264 | Endpoint: index | Method: GET | Status: 302 | Duration: 0.2483s
2026-02-22 14:00:51,259 | INFO | User:264 | Endpoint: dashboard | Method: GET | Status: 302 | Duration: 0.2475s
2026-02-22 14:00:53,169 | INFO | User:264 | Endpoint: recruiter_dashboard | Method: GET | Status: 200 | Duration: 1.7378s
2026-02-22 14:01:09,293 | INFO | User:264 | Endpoint: index | Method: GET | Status: 302 | Duration: 0.6773s
2026-02-22 14:01:09,719 | INFO | User:264 | Endpoint: dashboard | Method: GET | Status: 302 | Duration: 0.2495s
2026-02-22 14:01:11,753 | INFO | User:264 | Endpoint: recruiter_dashboard | Method: GET | Status: 200 | Duration: 1.8591s
2026-02-22 14:02:15,876 | INFO | User:264 | Endpoint: index | Method: GET | Status: 302 | Duration: 0.5862s
2026-02-22 14:02:16,287 | INFO | User:264 | Endpoint: dashboard | Method: GET | Status: 302 | Duration: 0.2427s
2026-02-22 14:02:40,518 | INFO | User:264 | Endpoint: index | Method: GET | Status: 302 | Duration: 0.5808s
2026-02-22 14:02:40,933 | INFO | User:264 | Endpoint: dashboard | Method: GET | Status: 302 | Duration: 0.2451s
2026-02-22 14:02:43,045 | INFO | User:264 | Endpoint: recruiter_dashboard | Method: GET | Status: 200 | Duration: 1.9344s
2026-02-22 14:37:29,430 | INFO | User:264 | Endpoint: index | Method: GET | Status: 302 | Duration: 0.6139s
2026-02-22 14:37:29,912 | INFO | User:264 | Endpoint: dashboard | Method: GET | Status: 302 | Duration: 0.2643s
2026-02-22 14:37:32,978 | INFO | User:264 | Endpoint: recruiter_dashboard | Method: GET | Status: 200 | Duration: 2.8855s
2026-02-22 14:37:49,260 | INFO | User:264 | Endpoint: index | Method: GET | Status: 302 | Duration: 0.6761s
2026-02-22 14:37:49,681 | INFO | User:264 | Endpoint: dashboard | Method: GET | Status: 302 | Duration: 0.2497s
2026-02-22 14:37:51,737 | INFO | User:264 | Endpoint: recruiter_dashboard | Method: GET | Status: 200 | Duration: 1.8801s
2026-02-22 14:38:21,798 | INFO | User:264 | Endpoint: index | Method: GET | Status: 302 | Duration: 0.6632s
2026-02-22 14:38:22,255 | INFO | User:264 | Endpoint: dashboard | Method: GET | Status: 302 | Duration: 0.2846s
2026-02-22 14:38:24,614 | INFO | User:264 | Endpoint: recruiter_dashboard | Method: GET | Status: 200 | Duration: 2.1773s
2026-02-22 19:39:24,408 | INFO | User:264 | Endpoint: index | Method: GET | Status: 302 | Duration: 2.0072s
2026-02-22 19:39:47,674 | INFO | User:264 | Endpoint: index | Method: GET | Status: 302 | Duration: 1.1078s
2026-02-22 19:39:48,740 | INFO | User:264 | Endpoint: dashboard | Method: GET | Status: 302 | Duration: 0.9064s
2026-02-22 19:39:49,351 | INFO | User:264 | Endpoint: index | Method: GET | Status: 302 | Duration: 0.8860s
2026-02-22 19:39:50,570 | INFO | User:264 | Endpoint: dashboard | Method: GET | Status: 302 | Duration: 0.6456s
2026-02-22 19:39:55,191 | INFO | User:264 | Endpoint: recruiter_dashboard | Method: GET | Status: 200 | Duration: 5.8332s
2026-02-22 19:39:57,039 | INFO | User:264 | Endpoint: None | Method: GET | Status: 404 | Duration: 0.5842s
2026-02-22 19:40:00,634 | INFO | User:264 | Endpoint: recruiter_dashboard | Method: GET | Status: 200 | Duration: 4.7657s
2026-02-22 20:50:02,931 | INFO | User:264 | Endpoint: index | Method: GET | Status: 302 | Duration: 0.9770s
2026-02-22 20:50:17,338 | INFO | User:264 | Endpoint: index | Method: GET | Status: 302 | Duration: 0.5661s
2026-02-22 20:50:17,341 | INFO | User:264 | Endpoint: dashboard | Method: GET | Status: 302 | Duration: 0.5710s
2026-02-22 20:50:35,618 | INFO | User:264 | Endpoint: dashboard | Method: GET | Status: 302 | Duration: 1.0013s
2026-02-22 20:50:57,974 | INFO | User:264 | Endpoint: dashboard | Method: GET | Status: 302 | Duration: 2.8037s
2026-02-22 20:50:57,974 | INFO | User:264 | Endpoint: index | Method: GET | Status: 302 | Duration: 2.8057s
2026-02-22 20:51:00,771 | INFO | User:264 | Endpoint: dashboard | Method: GET | Status: 302 | Duration: 1.9850s
2026-02-22 20:51:01,617 | INFO | User:264 | Endpoint: index | Method: GET | Status: 302 | Duration: 2.8388s
2026-02-22 20:51:03,470 | INFO | User:264 | Endpoint: dashboard | Method: GET | Status: 302 | Duration: 0.8321s
2026-02-22 20:51:19,303 | INFO | User:264 | Endpoint: recruiter_dashboard | Method: GET | Status: 200 | Duration: 20.5131s
2026-02-22 20:51:23,148 | INFO | User:264 | Endpoint: None | Method: GET | Status: 404 | Duration: 1.8588s
2026-02-22 20:51:25,358 | INFO | User:264 | Endpoint: recruiter_dashboard | Method: GET | Status: 200 | Duration: 5.6383s
2026-02-22 20:51:30,360 | INFO | User:264 | Endpoint: recruiter_dashboard | Method: GET | Status: 200 | Duration: 6.3862s
2026-02-22 20:55:12,621 | INFO | User:264 | Endpoint: index | Method: GET | Status: 302 | Duration: 13.4625s
2026-02-22 20:55:13,341 | INFO | User:264 | Endpoint: dashboard | Method: GET | Status: 302 | Duration: 0.2302s
2026-02-22 20:55:25,859 | INFO | User:264 | Endpoint: recruiter_dashboard | Method: GET | Status: 200 | Duration: 11.8730s
2026-02-22 21:14:23,861 | INFO | User:Guest | Endpoint: login | Method: GET | Status: 200 | Duration: 1.7089s
2026-02-22 21:14:25,013 | INFO | User:Guest | Endpoint: None | Method: GET | Status: 404 | Duration: 0.0017s
2026-02-22 21:19:16,496 | INFO | User:264 | Endpoint: index | Method: GET | Status: 302 | Duration: 1.2565s
2026-02-22 21:19:17,922 | INFO | User:264 | Endpoint: dashboard | Method: GET | Status: 302 | Duration: 0.9510s
2026-02-22 21:19:20,904 | INFO | User:264 | Endpoint: recruiter_dashboard | Method: GET | Status: 200 | Duration: 2.3733s
2026-02-22 21:19:48,308 | INFO | User:264 | Endpoint: index | Method: GET | Status: 302 | Duration: 0.6454s
2026-02-22 21:19:48,724 | INFO | User:264 | Endpoint: dashboard | Method: GET | Status: 302 | Duration: 0.2480s
2026-02-22 21:19:51,838 | INFO | User:264 | Endpoint: recruiter_dashboard | Method: GET | Status: 200 | Duration: 2.6819s
2026-02-22 21:51:54,841 | INFO | User:264 | Endpoint: index | Method: GET | Status: 302 | Duration: 2.2618s
2026-02-22 21:51:55,585 | INFO | User:264 | Endpoint: dashboard | Method: GET | Status: 302 | Duration: 0.5790s
2026-02-22 21:52:07,951 | INFO | User:264 | Endpoint: recruiter_dashboard | Method: GET | Status: 200 | Duration: 11.7827s
2026-02-22 22:53:23,056 | INFO | User:264 | Endpoint: index | Method: GET | Status: 302 | Duration: 2.4766s
2026-02-22 22:53:23,449 | INFO | User:264 | Endpoint: dashboard | Method: GET | Status: 302 | Duration: 0.2274s
2026-02-22 22:53:34,587 | INFO | User:264 | Endpoint: recruiter_dashboard | Method: GET | Status: 200 | Duration: 10.3481s
2026-02-22 23:28:00,515 | INFO | User:264 | Endpoint: index | Method: GET | Status: 302 | Duration: 0.5338s
2026-02-22 23:28:00,898 | INFO | User:264 | Endpoint: dashboard | Method: GET | Status: 302 | Duration: 0.2243s
2026-02-22 23:28:02,823 | INFO | User:264 | Endpoint: recruiter_dashboard | Method: GET | Status: 200 | Duration: 1.7699s
2026-02-22 23:59:23,319 | INFO | User:264 | Endpoint: index | Method: GET | Status: 302 | Duration: 0.5171s
2026-02-22 23:59:23,712 | INFO | User:264 | Endpoint: dashboard | Method: GET | Status: 302 | Duration: 0.2194s
2026-02-22 23:59:26,396 | INFO | User:264 | Endpoint: recruiter_dashboard | Method: GET | Status: 200 | Duration: 2.1704s
2026-02-22 23:59:45,810 | INFO | User:264 | Endpoint: index | Method: GET | Status: 302 | Duration: 0.5399s
2026-02-22 23:59:46,195 | INFO | User:264 | Endpoint: dashboard | Method: GET | Status: 302 | Duration: 0.2265s
2026-02-22 23:59:48,074 | INFO | User:264 | Endpoint: recruiter_dashboard | Method: GET | Status: 200 | Duration: 1.7167s
2026-02-22 23:59:49,090 | INFO | User:264 | Endpoint: None | Method: GET | Status: 404 | Duration: 0.2266s
2026-02-23 00:59:31,183 | INFO | User:264 | Endpoint: index | Method: GET | Status: 302 | Duration: 0.5265s
2026-02-23 00:59:31,559 | INFO | User:264 | Endpoint: dashboard | Method: GET | Status: 302 | Duration: 0.2198s
2026-02-23 00:59:33,516 | INFO | User:264 | Endpoint: recruiter_dashboard | Method: GET | Status: 200 | Duration: 1.7933s
2026-02-24 10:09:02,334 | INFO | User:264 | Endpoint: index | Method: GET | Status: 302 | Duration: 0.2321s
2026-02-24 10:09:03,069 | INFO | User:264 | Endpoint: dashboard | Method: GET | Status: 302 | Duration: 0.5529s
2026-02-24 10:09:04,384 | INFO | User:264 | Endpoint: index | Method: GET | Status: 302 | Duration: 0.2309s
2026-02-24 10:09:04,810 | INFO | User:264 | Endpoint: dashboard | Method: GET | Status: 302 | Duration: 0.2543s
2026-02-24 10:09:05,094 | INFO | User:264 | Endpoint: recruiter_dashboard | Method: GET | Status: 200 | Duration: 1.8611s
2026-02-24 10:09:06,661 | INFO | User:264 | Endpoint: None | Method: GET | Status: 404 | Duration: 0.2273s
2026-02-24 10:09:07,175 | INFO | User:264 | Endpoint: recruiter_dashboard | Method: GET | Status: 200 | Duration: 1.7313s
2026-02-24 10:09:32,492 | INFO | User:Guest | Endpoint: logout | Method: GET | Status: 302 | Duration: 0.2347s
2026-02-24 10:09:32,789 | INFO | User:Guest | Endpoint: login | Method: GET | Status: 200 | Duration: 0.0927s
2026-02-24 10:09:40,059 | INFO | User:5 | Endpoint: login | Method: POST | Status: 302 | Duration: 0.2438s
2026-02-24 10:09:54,343 | INFO | User:5 | Endpoint: index | Method: GET | Status: 302 | Duration: 0.2309s
2026-02-24 10:10:07,911 | INFO | User:5 | Endpoint: recruiter_workbench | Method: GET | Status: 200 | Duration: 0.5356s
2026-02-24 10:10:18,174 | INFO | User:5 | Endpoint: account_manager_dashboard | Method: GET | Status: 200 | Duration: 0.5312s
2026-02-24 10:10:59,554 | INFO | User:Guest | Endpoint: logout | Method: GET | Status: 302 | Duration: 0.5890s
2026-02-24 10:10:59,726 | INFO | User:Guest | Endpoint: login | Method: GET | Status: 200 | Duration: 0.0086s
2026-02-24 10:11:09,254 | INFO | User:5 | Endpoint: login | Method: POST | Status: 302 | Duration: 0.3763s
2026-02-24 10:12:09,305 | INFO | User:5 | Endpoint: index | Method: GET | Status: 302 | Duration: 0.2447s
2026-02-24 10:12:10,354 | INFO | User:5 | Endpoint: dashboard | Method: GET | Status: 200 | Duration: 0.7972s
2026-02-24 10:14:15,244 | INFO | User:5 | Endpoint: index | Method: GET | Status: 302 | Duration: 0.4786s
2026-02-24 10:14:16,341 | INFO | User:5 | Endpoint: dashboard | Method: GET | Status: 200 | Duration: 0.9107s
2026-02-24 10:38:35,069 | INFO | User:5 | Endpoint: index | Method: GET | Status: 302 | Duration: 0.2520s
2026-02-24 10:38:36,046 | INFO | User:5 | Endpoint: dashboard | Method: GET | Status: 200 | Duration: 0.8179s
2026-02-24 11:14:28,711 | INFO | User:5 | Endpoint: index | Method: GET | Status: 302 | Duration: 0.2242s
2026-02-24 11:14:29,744 | INFO | User:5 | Endpoint: dashboard | Method: GET | Status: 200 | Duration: 0.8737s
2026-02-24 11:49:16,009 | INFO | User:5 | Endpoint: index | Method: GET | Status: 302 | Duration: 0.2585s
2026-02-24 11:49:17,830 | INFO | User:5 | Endpoint: dashboard | Method: GET | Status: 200 | Duration: 1.6251s
2026-02-24 11:50:00,449 | INFO | User:5 | Endpoint: index | Method: GET | Status: 302 | Duration: 0.2684s
2026-02-24 11:50:01,500 | INFO | User:5 | Endpoint: dashboard | Method: GET | Status: 200 | Duration: 0.8655s
